Copyright 1986-2019 Xilinx, Inc. All Rights Reserved.
----------------------------------------------------------------------------------------------
| Tool Version : Vivado v.2019.1.3 (lin64) Build 2644227 Wed Sep  4 09:44:18 MDT 2019
| Date         : Mon Jan 13 10:36:43 2025
| Host         : axel-GL62M-7RDX running 64-bit Ubuntu 22.04.5 LTS
| Command      : report_control_sets -verbose -file morse_decoder_top_control_sets_placed.rpt
| Design       : morse_decoder_top
| Device       : xc7a35t
----------------------------------------------------------------------------------------------

Control Set Information

Table of Contents
-----------------
1. Summary
2. Histogram
3. Flip-Flop Distribution
4. Detailed Control Set Information

1. Summary
----------

+----------------------------------------------------------+-------+
|                          Status                          | Count |
+----------------------------------------------------------+-------+
| Total control sets                                       |     6 |
|    Minimum number of control sets                        |     6 |
|    Addition due to synthesis replication                 |     0 |
|    Addition due to physical synthesis replication        |     0 |
| Unused register locations in slices containing registers |    20 |
+----------------------------------------------------------+-------+
* Control sets can be merged at opt_design using control_set_merge or merge_equivalent_drivers
** Run report_qor_suggestions for automated merging and remapping suggestions


2. Histogram
------------

+--------------------+-------+
|       Fanout       | Count |
+--------------------+-------+
| Total control sets |     6 |
| >= 0 to < 4        |     2 |
| >= 4 to < 6        |     0 |
| >= 6 to < 8        |     1 |
| >= 8 to < 10       |     1 |
| >= 10 to < 12      |     0 |
| >= 12 to < 14      |     0 |
| >= 14 to < 16      |     0 |
| >= 16              |     2 |
+--------------------+-------+
* Control sets can be remapped at either synth_design or opt_design


3. Flip-Flop Distribution
-------------------------

+--------------+-----------------------+------------------------+-----------------+--------------+
| Clock Enable | Synchronous Set/Reset | Asynchronous Set/Reset | Total Registers | Total Slices |
+--------------+-----------------------+------------------------+-----------------+--------------+
| No           | No                    | No                     |               0 |            0 |
| No           | No                    | Yes                    |              79 |           25 |
| No           | Yes                   | No                     |               0 |            0 |
| Yes          | No                    | No                     |               0 |            0 |
| Yes          | No                    | Yes                    |              45 |           22 |
| Yes          | Yes                   | No                     |               0 |            0 |
+--------------+-----------------------+------------------------+-----------------+--------------+


4. Detailed Control Set Information
-----------------------------------

+------------------+----------------------------+------------------+------------------+----------------+
|   Clock Signal   |        Enable Signal       | Set/Reset Signal | Slice Load Count | Bel Load Count |
+------------------+----------------------------+------------------+------------------+----------------+
|  clk_i_IBUF_BUFG | u1/rbutton_filtered4_out   | reset_i_IBUF     |                1 |              1 |
|  clk_i_IBUF_BUFG | u1/lbutton_filtered2_out   | reset_i_IBUF     |                1 |              1 |
|  clk_i_IBUF_BUFG | u1/p_0_in_0                | reset_i_IBUF     |                5 |              7 |
|  clk_i_IBUF_BUFG | u1/E[0]                    | reset_i_IBUF     |                7 |              8 |
|  clk_i_IBUF_BUFG | u2/new_letter_reg_reg_0[0] | reset_i_IBUF     |                8 |             28 |
|  clk_i_IBUF_BUFG |                            | reset_i_IBUF     |               25 |             79 |
+------------------+----------------------------+------------------+------------------+----------------+


